../Core/Src/main.c:35:6:LedInit	16	static
../Core/Src/main.c:43:6:ButtonInit	16	static
../Core/Src/main.c:57:6:LedCtrl	24	static
../Core/Src/main.c:82:6:ButtonState	16	static
../Core/Src/main.c:88:6:function	8	static
../Core/Src/main.c:98:6:EXTI0Init	48	static
../Core/Src/main.c:136:6:EXTI0_IRQHandler	16	static
../Core/Src/main.c:150:6:UART_Init	40	static
../Core/Src/main.c:190:6:UART_Transmit	24	static
../Core/Src/main.c:198:6:UART_Print_Log	24	static
../Core/Src/main.c:207:6:UART_Receive	24	static
../Core/Src/main.c:219:6:USART1_IRQHandler	16	static
../Core/Src/main.c:253:5:main	8	static
